0 verbose cli /usr/local/bin/node /usr/local/bin/npm
1 info using npm@11.9.0
2 info using node@v24.14.0
3 silly config load:file:/usr/local/lib/node_modules/npm/npmrc
4 silly config load:file:/Users/wang/wang6777/.npmrc
5 silly config load:file:/Users/wang/.npmrc
6 silly config load:file:/Users/wang/.local/etc/npmrc
7 verbose title npm install
8 verbose argv "install" "--cache" "/Users/wang/wang6777/.npm-cache"
9 verbose logfile logs-max:10 dir:/Users/wang/wang6777/.npm-cache/_logs/2026-03-09T04_16_33_218Z-
10 verbose logfile /Users/wang/wang6777/.npm-cache/_logs/2026-03-09T04_16_33_218Z-debug-0.log
11 silly logfile done cleaning log files
12 silly packumentCache heap:4496293888 maxSize:1124073472 maxEntrySize:562036736
13 silly idealTree buildDeps
14 silly fetch manifest next@latest
15 silly packumentCache full:https://registry.npmjs.org/next cache-miss
16 http fetch GET 200 https://registry.npmjs.org/npm 87ms
17 http fetch GET 200 https://registry.npmjs.org/next 260ms (cache miss)
18 silly packumentCache full:https://registry.npmjs.org/next set size:undefined disposed:false
19 silly fetch manifest @opentelemetry/api@^1.1.0
20 silly packumentCache full:https://registry.npmjs.org/@opentelemetry%2fapi cache-miss
21 http fetch GET 200 https://registry.npmjs.org/@opentelemetry%2fapi 44ms (cache miss)
22 silly packumentCache full:https://registry.npmjs.org/@opentelemetry%2fapi set size:undefined disposed:false
23 silly fetch manifest @playwright/test@^1.51.1
24 silly packumentCache full:https://registry.npmjs.org/@playwright%2ftest cache-miss
25 http fetch GET 200 https://registry.npmjs.org/@playwright%2ftest 120ms (cache miss)
26 silly packumentCache full:https://registry.npmjs.org/@playwright%2ftest set size:undefined disposed:false
27 silly fetch manifest babel-plugin-react-compiler@*
28 silly packumentCache full:https://registry.npmjs.org/babel-plugin-react-compiler cache-miss
29 http fetch GET 200 https://registry.npmjs.org/babel-plugin-react-compiler 32ms (cache miss)
30 silly packumentCache full:https://registry.npmjs.org/babel-plugin-react-compiler set size:undefined disposed:false
31 silly fetch manifest react@latest
32 silly packumentCache full:https://registry.npmjs.org/react cache-miss
33 http fetch GET 200 https://registry.npmjs.org/react 97ms (cache miss)
34 silly packumentCache full:https://registry.npmjs.org/react set size:undefined disposed:false
35 silly fetch manifest react-dom@latest
36 silly packumentCache full:https://registry.npmjs.org/react-dom cache-miss
37 http fetch GET 200 https://registry.npmjs.org/react-dom 96ms (cache miss)
38 silly packumentCache full:https://registry.npmjs.org/react-dom set size:undefined disposed:false
39 silly fetch manifest sass@^1.3.0
40 silly packumentCache full:https://registry.npmjs.org/sass cache-miss
41 http fetch GET 200 https://registry.npmjs.org/sass 33ms (cache miss)
42 silly packumentCache full:https://registry.npmjs.org/sass set size:undefined disposed:false
43 silly fetch manifest @tailwindcss/postcss@latest
44 silly packumentCache full:https://registry.npmjs.org/@tailwindcss%2fpostcss cache-miss
45 http fetch GET 200 https://registry.npmjs.org/@tailwindcss%2fpostcss 59ms (cache miss)
46 silly packumentCache full:https://registry.npmjs.org/@tailwindcss%2fpostcss set size:undefined disposed:false
47 silly fetch manifest postcss@latest
48 silly packumentCache full:https://registry.npmjs.org/postcss cache-miss
49 http fetch GET 200 https://registry.npmjs.org/postcss 35ms (cache miss)
50 silly packumentCache full:https://registry.npmjs.org/postcss set size:undefined disposed:false
51 silly fetch manifest tailwindcss@latest
52 silly packumentCache full:https://registry.npmjs.org/tailwindcss cache-miss
53 http fetch GET 200 https://registry.npmjs.org/tailwindcss 108ms (cache miss)
54 silly packumentCache full:https://registry.npmjs.org/tailwindcss set size:undefined disposed:false
55 silly placeDep ROOT @tailwindcss/postcss@4.2.1 OK for: kc-solar-energy@0.1.0 want: latest
56 silly placeDep ROOT next@16.1.6 OK for: kc-solar-energy@0.1.0 want: latest
57 silly placeDep ROOT react@19.2.4 OK for: next@16.1.6 want: ^18.2.0 || 19.0.0-rc-de68d2f4-20241204 || ^19.0.0
58 silly placeDep ROOT react-dom@19.2.4 OK for: next@16.1.6 want: ^18.2.0 || 19.0.0-rc-de68d2f4-20241204 || ^19.0.0
59 silly placeDep ROOT postcss@8.5.8 OK for: kc-solar-energy@0.1.0 want: latest
60 silly placeDep ROOT tailwindcss@4.2.1 OK for: kc-solar-energy@0.1.0 want: latest
61 silly fetch manifest postcss@^8.5.6
62 silly packumentCache full:https://registry.npmjs.org/postcss cache-miss
63 silly fetch manifest tailwindcss@4.2.1
64 silly packumentCache full:https://registry.npmjs.org/tailwindcss cache-miss
65 silly fetch manifest @alloc/quick-lru@^5.2.0
66 silly packumentCache full:https://registry.npmjs.org/@alloc%2fquick-lru cache-miss
67 silly fetch manifest @tailwindcss/node@4.2.1
68 silly packumentCache full:https://registry.npmjs.org/@tailwindcss%2fnode cache-miss
69 silly fetch manifest @tailwindcss/oxide@4.2.1
70 silly packumentCache full:https://registry.npmjs.org/@tailwindcss%2foxide cache-miss
71 silly fetch manifest postcss@8.4.31
72 silly packumentCache full:https://registry.npmjs.org/postcss cache-miss
73 silly fetch manifest @next/env@16.1.6
74 silly packumentCache full:https://registry.npmjs.org/@next%2fenv cache-miss
75 silly fetch manifest styled-jsx@5.1.6
76 silly packumentCache full:https://registry.npmjs.org/styled-jsx cache-miss
77 silly fetch manifest @swc/helpers@0.5.15
78 silly packumentCache full:https://registry.npmjs.org/@swc%2fhelpers cache-miss
79 http cache https://registry.npmjs.org/postcss 13ms (cache hit)
80 silly packumentCache full:https://registry.npmjs.org/postcss set size:702266 disposed:false
81 silly fetch manifest caniuse-lite@^1.0.30001579
82 silly packumentCache full:https://registry.npmjs.org/caniuse-lite cache-miss
83 http cache https://registry.npmjs.org/tailwindcss 23ms (cache hit)
84 silly packumentCache full:https://registry.npmjs.org/tailwindcss set size:10231515 disposed:false
85 silly fetch manifest baseline-browser-mapping@^2.8.3
86 silly packumentCache full:https://registry.npmjs.org/baseline-browser-mapping cache-miss
87 http cache https://registry.npmjs.org/postcss 44ms (cache hit)
88 silly packumentCache full:https://registry.npmjs.org/postcss set size:702266 disposed:false
89 silly packumentCache full:https://registry.npmjs.org/postcss dispose
90 silly fetch manifest sharp@^0.34.4
91 silly packumentCache full:https://registry.npmjs.org/sharp cache-miss
92 http fetch GET 200 https://registry.npmjs.org/@alloc%2fquick-lru 52ms (cache miss)
93 silly packumentCache full:https://registry.npmjs.org/@alloc%2fquick-lru set size:undefined disposed:false
94 silly fetch manifest @next/swc-darwin-x64@16.1.6
95 silly packumentCache full:https://registry.npmjs.org/@next%2fswc-darwin-x64 cache-miss
96 http fetch GET 200 https://registry.npmjs.org/@tailwindcss%2foxide 76ms (cache miss)
97 silly packumentCache full:https://registry.npmjs.org/@tailwindcss%2foxide set size:undefined disposed:false
98 silly fetch manifest @next/swc-darwin-arm64@16.1.6
99 silly packumentCache full:https://registry.npmjs.org/@next%2fswc-darwin-arm64 cache-miss
100 http fetch GET 200 https://registry.npmjs.org/styled-jsx 112ms (cache miss)
101 silly packumentCache full:https://registry.npmjs.org/styled-jsx set size:undefined disposed:false
102 silly fetch manifest @next/swc-linux-x64-gnu@16.1.6
103 silly packumentCache full:https://registry.npmjs.org/@next%2fswc-linux-x64-gnu cache-miss
104 http fetch GET 200 https://registry.npmjs.org/@swc%2fhelpers 117ms (cache miss)
105 silly packumentCache full:https://registry.npmjs.org/@swc%2fhelpers set size:undefined disposed:false
106 silly fetch manifest @next/swc-linux-x64-musl@16.1.6
107 silly packumentCache full:https://registry.npmjs.org/@next%2fswc-linux-x64-musl cache-miss
108 http fetch GET 200 https://registry.npmjs.org/baseline-browser-mapping 85ms (cache miss)
109 silly packumentCache full:https://registry.npmjs.org/baseline-browser-mapping set size:undefined disposed:false
110 silly fetch manifest @next/swc-win32-x64-msvc@16.1.6
111 silly packumentCache full:https://registry.npmjs.org/@next%2fswc-win32-x64-msvc cache-miss
112 http fetch GET 200 https://registry.npmjs.org/sharp 88ms (cache miss)
113 silly packumentCache full:https://registry.npmjs.org/sharp set size:undefined disposed:false
114 silly fetch manifest @next/swc-linux-arm64-gnu@16.1.6
115 silly packumentCache full:https://registry.npmjs.org/@next%2fswc-linux-arm64-gnu cache-miss
116 http fetch GET 200 https://registry.npmjs.org/@tailwindcss%2fnode 146ms (cache miss)
117 silly packumentCache full:https://registry.npmjs.org/@tailwindcss%2fnode set size:undefined disposed:false
118 silly fetch manifest @next/swc-linux-arm64-musl@16.1.6
119 silly packumentCache full:https://registry.npmjs.org/@next%2fswc-linux-arm64-musl cache-miss
120 http fetch GET 200 https://registry.npmjs.org/caniuse-lite 134ms (cache miss)
121 silly packumentCache full:https://registry.npmjs.org/caniuse-lite set size:undefined disposed:false
122 silly fetch manifest @next/swc-win32-arm64-msvc@16.1.6
123 silly packumentCache full:https://registry.npmjs.org/@next%2fswc-win32-arm64-msvc cache-miss
124 http fetch GET 200 https://registry.npmjs.org/@next%2fswc-darwin-x64 117ms (cache miss)
125 silly packumentCache full:https://registry.npmjs.org/@next%2fswc-darwin-x64 set size:undefined disposed:false
126 silly fetch manifest scheduler@^0.27.0
127 silly packumentCache full:https://registry.npmjs.org/scheduler cache-miss
128 http fetch GET 200 https://registry.npmjs.org/@next%2fswc-darwin-arm64 119ms (cache miss)
129 silly packumentCache full:https://registry.npmjs.org/@next%2fswc-darwin-arm64 set size:undefined disposed:false
130 silly fetch manifest nanoid@^3.3.11
131 silly packumentCache full:https://registry.npmjs.org/nanoid cache-miss
132 http fetch GET 200 https://registry.npmjs.org/@next%2fswc-linux-x64-gnu 108ms (cache miss)
133 silly packumentCache full:https://registry.npmjs.org/@next%2fswc-linux-x64-gnu set size:undefined disposed:false
134 silly fetch manifest picocolors@^1.1.1
135 silly packumentCache full:https://registry.npmjs.org/picocolors cache-miss
136 http fetch GET 200 https://registry.npmjs.org/@next%2fswc-linux-x64-musl 114ms (cache miss)
137 silly packumentCache full:https://registry.npmjs.org/@next%2fswc-linux-x64-musl set size:undefined disposed:false
138 silly fetch manifest source-map-js@^1.2.1
139 silly packumentCache full:https://registry.npmjs.org/source-map-js cache-miss
140 http fetch GET 200 https://registry.npmjs.org/nanoid 39ms (cache miss)
141 silly packumentCache full:https://registry.npmjs.org/nanoid set size:undefined disposed:false
142 http fetch GET 200 https://registry.npmjs.org/picocolors 24ms (cache miss)
143 silly packumentCache full:https://registry.npmjs.org/picocolors set size:undefined disposed:false
144 http fetch GET 200 https://registry.npmjs.org/@next%2fswc-win32-x64-msvc 134ms (cache miss)
145 silly packumentCache full:https://registry.npmjs.org/@next%2fswc-win32-x64-msvc set size:undefined disposed:false
146 http fetch GET 200 https://registry.npmjs.org/source-map-js 34ms (cache miss)
147 silly packumentCache full:https://registry.npmjs.org/source-map-js set size:undefined disposed:false
148 http fetch GET 200 https://registry.npmjs.org/@next%2fswc-win32-arm64-msvc 124ms (cache miss)
149 silly packumentCache full:https://registry.npmjs.org/@next%2fswc-win32-arm64-msvc set size:undefined disposed:false
150 http fetch GET 200 https://registry.npmjs.org/scheduler 112ms (cache miss)
151 silly packumentCache full:https://registry.npmjs.org/scheduler set size:undefined disposed:false
152 http fetch GET 200 https://registry.npmjs.org/@next%2fenv 357ms (cache miss)
153 silly packumentCache full:https://registry.npmjs.org/@next%2fenv set size:undefined disposed:false
154 http fetch GET 200 https://registry.npmjs.org/@next%2fswc-linux-arm64-musl 230ms (cache miss)
155 silly packumentCache full:https://registry.npmjs.org/@next%2fswc-linux-arm64-musl set size:undefined disposed:false
156 http fetch GET 200 https://registry.npmjs.org/@next%2fswc-linux-arm64-gnu 276ms (cache miss)
157 silly packumentCache full:https://registry.npmjs.org/@next%2fswc-linux-arm64-gnu set size:undefined disposed:false
158 silly placeDep ROOT @alloc/quick-lru@5.2.0 OK for: @tailwindcss/postcss@4.2.1 want: ^5.2.0
159 silly placeDep ROOT @tailwindcss/node@4.2.1 OK for: @tailwindcss/postcss@4.2.1 want: 4.2.1
160 silly placeDep ROOT @tailwindcss/oxide@4.2.1 OK for: @tailwindcss/postcss@4.2.1 want: 4.2.1
161 silly fetch manifest jiti@^2.6.1
162 silly packumentCache full:https://registry.npmjs.org/jiti cache-miss
163 silly fetch manifest lightningcss@1.31.1
164 silly packumentCache full:https://registry.npmjs.org/lightningcss cache-miss
165 silly fetch manifest magic-string@^0.30.21
166 silly packumentCache full:https://registry.npmjs.org/magic-string cache-miss
167 silly fetch manifest enhanced-resolve@^5.19.0
168 silly packumentCache full:https://registry.npmjs.org/enhanced-resolve cache-miss
169 silly fetch manifest @jridgewell/remapping@^2.3.5
170 silly packumentCache full:https://registry.npmjs.org/@jridgewell%2fremapping cache-miss
171 silly fetch manifest @tailwindcss/oxide-darwin-x64@4.2.1
172 silly packumentCache full:https://registry.npmjs.org/@tailwindcss%2foxide-darwin-x64 cache-miss
173 silly fetch manifest @tailwindcss/oxide-freebsd-x64@4.2.1
174 silly packumentCache full:https://registry.npmjs.org/@tailwindcss%2foxide-freebsd-x64 cache-miss
175 silly fetch manifest @tailwindcss/oxide-wasm32-wasi@4.2.1
176 silly packumentCache full:https://registry.npmjs.org/@tailwindcss%2foxide-wasm32-wasi cache-miss
177 silly fetch manifest @tailwindcss/oxide-darwin-arm64@4.2.1
178 silly packumentCache full:https://registry.npmjs.org/@tailwindcss%2foxide-darwin-arm64 cache-miss
179 http fetch GET 200 https://registry.npmjs.org/magic-string 26ms (cache miss)
180 silly packumentCache full:https://registry.npmjs.org/magic-string set size:undefined disposed:false
181 silly fetch manifest @tailwindcss/oxide-android-arm64@4.2.1
182 silly packumentCache full:https://registry.npmjs.org/@tailwindcss%2foxide-android-arm64 cache-miss
183 http fetch GET 200 https://registry.npmjs.org/jiti 30ms (cache miss)
184 silly packumentCache full:https://registry.npmjs.org/jiti set size:undefined disposed:false
185 silly fetch manifest @tailwindcss/oxide-linux-x64-gnu@4.2.1
186 silly packumentCache full:https://registry.npmjs.org/@tailwindcss%2foxide-linux-x64-gnu cache-miss
187 http fetch GET 200 https://registry.npmjs.org/lightningcss 33ms (cache miss)
188 silly packumentCache full:https://registry.npmjs.org/lightningcss set size:undefined disposed:false
189 silly fetch manifest @tailwindcss/oxide-linux-x64-musl@4.2.1
190 silly packumentCache full:https://registry.npmjs.org/@tailwindcss%2foxide-linux-x64-musl cache-miss
191 http fetch GET 200 https://registry.npmjs.org/@jridgewell%2fremapping 35ms (cache miss)
192 silly packumentCache full:https://registry.npmjs.org/@jridgewell%2fremapping set size:undefined disposed:false
193 silly fetch manifest @tailwindcss/oxide-win32-x64-msvc@4.2.1
194 silly packumentCache full:https://registry.npmjs.org/@tailwindcss%2foxide-win32-x64-msvc cache-miss
195 http fetch GET 200 https://registry.npmjs.org/@tailwindcss%2foxide-wasm32-wasi 68ms (cache miss)
196 silly packumentCache full:https://registry.npmjs.org/@tailwindcss%2foxide-wasm32-wasi set size:undefined disposed:false
197 silly fetch manifest @tailwindcss/oxide-linux-arm64-gnu@4.2.1
198 silly packumentCache full:https://registry.npmjs.org/@tailwindcss%2foxide-linux-arm64-gnu cache-miss
199 http fetch GET 200 https://registry.npmjs.org/@tailwindcss%2foxide-darwin-x64 84ms (cache miss)
200 silly packumentCache full:https://registry.npmjs.org/@tailwindcss%2foxide-darwin-x64 set size:undefined disposed:false
201 silly fetch manifest @tailwindcss/oxide-linux-arm64-musl@4.2.1
202 silly packumentCache full:https://registry.npmjs.org/@tailwindcss%2foxide-linux-arm64-musl cache-miss
203 http fetch GET 200 https://registry.npmjs.org/@tailwindcss%2foxide-darwin-arm64 88ms (cache miss)
204 silly packumentCache full:https://registry.npmjs.org/@tailwindcss%2foxide-darwin-arm64 set size:undefined disposed:false
205 silly fetch manifest @tailwindcss/oxide-win32-arm64-msvc@4.2.1
206 silly packumentCache full:https://registry.npmjs.org/@tailwindcss%2foxide-win32-arm64-msvc cache-miss
207 http fetch GET 200 https://registry.npmjs.org/@tailwindcss%2foxide-freebsd-x64 98ms (cache miss)
208 silly packumentCache full:https://registry.npmjs.org/@tailwindcss%2foxide-freebsd-x64 set size:undefined disposed:false
209 silly fetch manifest @tailwindcss/oxide-linux-arm-gnueabihf@4.2.1
210 silly packumentCache full:https://registry.npmjs.org/@tailwindcss%2foxide-linux-arm-gnueabihf cache-miss
211 http fetch GET 200 https://registry.npmjs.org/@tailwindcss%2foxide-android-arm64 76ms (cache miss)
212 silly packumentCache full:https://registry.npmjs.org/@tailwindcss%2foxide-android-arm64 set size:undefined disposed:false
213 http fetch GET 200 https://registry.npmjs.org/@tailwindcss%2foxide-linux-x64-gnu 87ms (cache miss)
214 silly packumentCache full:https://registry.npmjs.org/@tailwindcss%2foxide-linux-x64-gnu set size:undefined disposed:false
215 http fetch GET 200 https://registry.npmjs.org/@tailwindcss%2foxide-win32-x64-msvc 87ms (cache miss)
216 silly packumentCache full:https://registry.npmjs.org/@tailwindcss%2foxide-win32-x64-msvc set size:undefined disposed:false
217 http fetch GET 200 https://registry.npmjs.org/@tailwindcss%2foxide-linux-x64-musl 99ms (cache miss)
218 silly packumentCache full:https://registry.npmjs.org/@tailwindcss%2foxide-linux-x64-musl set size:undefined disposed:false
219 http fetch GET 200 https://registry.npmjs.org/@tailwindcss%2foxide-linux-arm64-gnu 72ms (cache miss)
220 silly packumentCache full:https://registry.npmjs.org/@tailwindcss%2foxide-linux-arm64-gnu set size:undefined disposed:false
221 http fetch GET 200 https://registry.npmjs.org/@tailwindcss%2foxide-win32-arm64-msvc 57ms (cache miss)
222 silly packumentCache full:https://registry.npmjs.org/@tailwindcss%2foxide-win32-arm64-msvc set size:undefined disposed:false
223 http fetch GET 200 https://registry.npmjs.org/@tailwindcss%2foxide-linux-arm-gnueabihf 63ms (cache miss)
224 silly packumentCache full:https://registry.npmjs.org/@tailwindcss%2foxide-linux-arm-gnueabihf set size:undefined disposed:false
225 http fetch GET 200 https://registry.npmjs.org/@tailwindcss%2foxide-linux-arm64-musl 82ms (cache miss)
226 silly packumentCache full:https://registry.npmjs.org/@tailwindcss%2foxide-linux-arm64-musl set size:undefined disposed:false
227 http fetch GET 200 https://registry.npmjs.org/enhanced-resolve 365ms (cache miss)
228 silly packumentCache full:https://registry.npmjs.org/enhanced-resolve set size:undefined disposed:false
229 silly placeDep ROOT @jridgewell/remapping@2.3.5 OK for: @tailwindcss/node@4.2.1 want: ^2.3.5
230 silly placeDep ROOT enhanced-resolve@5.20.0 OK for: @tailwindcss/node@4.2.1 want: ^5.19.0
231 silly placeDep ROOT jiti@2.6.1 OK for: @tailwindcss/node@4.2.1 want: ^2.6.1
232 silly placeDep ROOT lightningcss@1.31.1 OK for: @tailwindcss/node@4.2.1 want: 1.31.1
233 silly placeDep ROOT magic-string@0.30.21 OK for: @tailwindcss/node@4.2.1 want: ^0.30.21
234 silly placeDep ROOT source-map-js@1.2.1 OK for: @tailwindcss/node@4.2.1 want: ^1.2.1
235 silly fetch manifest @jridgewell/gen-mapping@^0.3.5
236 silly packumentCache full:https://registry.npmjs.org/@jridgewell%2fgen-mapping cache-miss
237 silly fetch manifest @jridgewell/trace-mapping@^0.3.24
238 silly packumentCache full:https://registry.npmjs.org/@jridgewell%2ftrace-mapping cache-miss
239 silly fetch manifest graceful-fs@^4.2.4
240 silly packumentCache full:https://registry.npmjs.org/graceful-fs cache-miss
241 silly fetch manifest tapable@^2.3.0
242 silly packumentCache full:https://registry.npmjs.org/tapable cache-miss
243 silly fetch manifest detect-libc@^2.0.3
244 silly packumentCache full:https://registry.npmjs.org/detect-libc cache-miss
245 silly fetch manifest lightningcss-darwin-x64@1.31.1
246 silly packumentCache full:https://registry.npmjs.org/lightningcss-darwin-x64 cache-miss
247 silly fetch manifest lightningcss-linux-x64-gnu@1.31.1
248 silly packumentCache full:https://registry.npmjs.org/lightningcss-linux-x64-gnu cache-miss
249 silly fetch manifest lightningcss-win32-x64-msvc@1.31.1
250 silly packumentCache full:https://registry.npmjs.org/lightningcss-win32-x64-msvc cache-miss
251 silly fetch manifest lightningcss-win32-arm64-msvc@1.31.1
252 silly packumentCache full:https://registry.npmjs.org/lightningcss-win32-arm64-msvc cache-miss
253 http fetch GET 200 https://registry.npmjs.org/lightningcss-win32-arm64-msvc 30ms (cache miss)
254 silly packumentCache full:https://registry.npmjs.org/lightningcss-win32-arm64-msvc set size:undefined disposed:false
255 silly fetch manifest lightningcss-darwin-arm64@1.31.1
256 silly packumentCache full:https://registry.npmjs.org/lightningcss-darwin-arm64 cache-miss
257 http fetch GET 200 https://registry.npmjs.org/lightningcss-win32-x64-msvc 31ms (cache miss)
258 silly packumentCache full:https://registry.npmjs.org/lightningcss-win32-x64-msvc set size:undefined disposed:false
259 silly fetch manifest lightningcss-linux-arm64-gnu@1.31.1
260 silly packumentCache full:https://registry.npmjs.org/lightningcss-linux-arm64-gnu cache-miss
261 http fetch GET 200 https://registry.npmjs.org/graceful-fs 31ms (cache miss)
262 silly packumentCache full:https://registry.npmjs.org/graceful-fs set size:undefined disposed:false
263 silly fetch manifest lightningcss-linux-arm-gnueabihf@1.31.1
264 silly packumentCache full:https://registry.npmjs.org/lightningcss-linux-arm-gnueabihf cache-miss
265 http fetch GET 200 https://registry.npmjs.org/lightningcss-linux-x64-gnu 34ms (cache miss)
266 silly packumentCache full:https://registry.npmjs.org/lightningcss-linux-x64-gnu set size:undefined disposed:false
267 silly fetch manifest lightningcss-linux-arm64-musl@1.31.1
268 silly packumentCache full:https://registry.npmjs.org/lightningcss-linux-arm64-musl cache-miss
269 http fetch GET 200 https://registry.npmjs.org/detect-libc 36ms (cache miss)
270 silly packumentCache full:https://registry.npmjs.org/detect-libc set size:undefined disposed:false
271 silly fetch manifest lightningcss-linux-x64-musl@1.31.1
272 silly packumentCache full:https://registry.npmjs.org/lightningcss-linux-x64-musl cache-miss
273 http fetch GET 200 https://registry.npmjs.org/tapable 37ms (cache miss)
274 silly packumentCache full:https://registry.npmjs.org/tapable set size:undefined disposed:false
275 silly fetch manifest lightningcss-freebsd-x64@1.31.1
276 silly packumentCache full:https://registry.npmjs.org/lightningcss-freebsd-x64 cache-miss
277 http fetch GET 200 https://registry.npmjs.org/lightningcss-darwin-x64 39ms (cache miss)
278 silly packumentCache full:https://registry.npmjs.org/lightningcss-darwin-x64 set size:undefined disposed:false
279 silly fetch manifest lightningcss-android-arm64@1.31.1
280 silly packumentCache full:https://registry.npmjs.org/lightningcss-android-arm64 cache-miss
281 http fetch GET 200 https://registry.npmjs.org/@jridgewell%2fgen-mapping 42ms (cache miss)
282 silly packumentCache full:https://registry.npmjs.org/@jridgewell%2fgen-mapping set size:undefined disposed:false
283 silly fetch manifest @jridgewell/sourcemap-codec@^1.5.5
284 silly packumentCache full:https://registry.npmjs.org/@jridgewell%2fsourcemap-codec cache-miss
285 http fetch GET 200 https://registry.npmjs.org/@jridgewell%2ftrace-mapping 42ms (cache miss)
286 silly packumentCache full:https://registry.npmjs.org/@jridgewell%2ftrace-mapping set size:undefined disposed:false
287 http fetch GET 200 https://registry.npmjs.org/lightningcss-darwin-arm64 24ms (cache miss)
288 silly packumentCache full:https://registry.npmjs.org/lightningcss-darwin-arm64 set size:undefined disposed:false
289 http fetch GET 200 https://registry.npmjs.org/lightningcss-linux-arm64-gnu 25ms (cache miss)
290 silly packumentCache full:https://registry.npmjs.org/lightningcss-linux-arm64-gnu set size:undefined disposed:false
291 http fetch GET 200 https://registry.npmjs.org/lightningcss-linux-arm64-musl 27ms (cache miss)
292 silly packumentCache full:https://registry.npmjs.org/lightningcss-linux-arm64-musl set size:undefined disposed:false
293 http fetch GET 200 https://registry.npmjs.org/lightningcss-freebsd-x64 25ms (cache miss)
294 silly packumentCache full:https://registry.npmjs.org/lightningcss-freebsd-x64 set size:undefined disposed:false
295 http fetch GET 200 https://registry.npmjs.org/lightningcss-android-arm64 24ms (cache miss)
296 silly packumentCache full:https://registry.npmjs.org/lightningcss-android-arm64 set size:undefined disposed:false
297 http fetch GET 200 https://registry.npmjs.org/lightningcss-linux-x64-musl 28ms (cache miss)
298 silly packumentCache full:https://registry.npmjs.org/lightningcss-linux-x64-musl set size:undefined disposed:false
299 http fetch GET 200 https://registry.npmjs.org/lightningcss-linux-arm-gnueabihf 39ms (cache miss)
300 silly packumentCache full:https://registry.npmjs.org/lightningcss-linux-arm-gnueabihf set size:undefined disposed:false
301 http fetch GET 200 https://registry.npmjs.org/@jridgewell%2fsourcemap-codec 35ms (cache miss)
302 silly packumentCache full:https://registry.npmjs.org/@jridgewell%2fsourcemap-codec set size:undefined disposed:false
303 silly placeDep ROOT @jridgewell/gen-mapping@0.3.13 OK for: @jridgewell/remapping@2.3.5 want: ^0.3.5
304 silly placeDep ROOT @jridgewell/trace-mapping@0.3.31 OK for: @jridgewell/remapping@2.3.5 want: ^0.3.24
305 silly fetch manifest @jridgewell/sourcemap-codec@^1.5.0
306 silly packumentCache full:https://registry.npmjs.org/@jridgewell%2fsourcemap-codec cache-miss
307 silly fetch manifest @jridgewell/resolve-uri@^3.1.0
308 silly packumentCache full:https://registry.npmjs.org/@jridgewell%2fresolve-uri cache-miss
309 silly fetch manifest @jridgewell/sourcemap-codec@^1.4.14
310 silly packumentCache full:https://registry.npmjs.org/@jridgewell%2fsourcemap-codec cache-miss
311 http cache https://registry.npmjs.org/@jridgewell%2fsourcemap-codec 3ms (cache hit)
312 silly packumentCache full:https://registry.npmjs.org/@jridgewell%2fsourcemap-codec set size:59275 disposed:false
313 http cache https://registry.npmjs.org/@jridgewell%2fsourcemap-codec 4ms (cache hit)
314 silly packumentCache full:https://registry.npmjs.org/@jridgewell%2fsourcemap-codec set size:59275 disposed:false
315 silly packumentCache full:https://registry.npmjs.org/@jridgewell%2fsourcemap-codec dispose
316 http fetch GET 200 https://registry.npmjs.org/@jridgewell%2fresolve-uri 47ms (cache miss)
317 silly packumentCache full:https://registry.npmjs.org/@jridgewell%2fresolve-uri set size:undefined disposed:false
318 silly placeDep ROOT @jridgewell/sourcemap-codec@1.5.5 OK for: @jridgewell/gen-mapping@0.3.13 want: ^1.5.0
319 silly placeDep ROOT @jridgewell/resolve-uri@3.1.2 OK for: @jridgewell/trace-mapping@0.3.31 want: ^3.1.0
320 silly placeDep ROOT @tailwindcss/oxide-android-arm64@4.2.1 OK for: @tailwindcss/oxide@4.2.1 want: 4.2.1
321 silly placeDep ROOT @tailwindcss/oxide-darwin-arm64@4.2.1 OK for: @tailwindcss/oxide@4.2.1 want: 4.2.1
322 silly placeDep ROOT @tailwindcss/oxide-darwin-x64@4.2.1 OK for: @tailwindcss/oxide@4.2.1 want: 4.2.1
323 silly placeDep ROOT @tailwindcss/oxide-freebsd-x64@4.2.1 OK for: @tailwindcss/oxide@4.2.1 want: 4.2.1
324 silly placeDep ROOT @tailwindcss/oxide-linux-arm-gnueabihf@4.2.1 OK for: @tailwindcss/oxide@4.2.1 want: 4.2.1
325 silly placeDep ROOT @tailwindcss/oxide-linux-arm64-gnu@4.2.1 OK for: @tailwindcss/oxide@4.2.1 want: 4.2.1
326 silly placeDep ROOT @tailwindcss/oxide-linux-arm64-musl@4.2.1 OK for: @tailwindcss/oxide@4.2.1 want: 4.2.1
327 silly placeDep ROOT @tailwindcss/oxide-linux-x64-gnu@4.2.1 OK for: @tailwindcss/oxide@4.2.1 want: 4.2.1
328 silly placeDep ROOT @tailwindcss/oxide-linux-x64-musl@4.2.1 OK for: @tailwindcss/oxide@4.2.1 want: 4.2.1
329 silly placeDep ROOT @tailwindcss/oxide-wasm32-wasi@4.2.1 OK for: @tailwindcss/oxide@4.2.1 want: 4.2.1
330 silly placeDep ROOT @tailwindcss/oxide-win32-arm64-msvc@4.2.1 OK for: @tailwindcss/oxide@4.2.1 want: 4.2.1
331 silly placeDep ROOT @tailwindcss/oxide-win32-x64-msvc@4.2.1 OK for: @tailwindcss/oxide@4.2.1 want: 4.2.1
332 silly placeDep ROOT graceful-fs@4.2.11 OK for: enhanced-resolve@5.20.0 want: ^4.2.4
333 silly placeDep ROOT tapable@2.3.0 OK for: enhanced-resolve@5.20.0 want: ^2.3.0
334 silly placeDep ROOT detect-libc@2.1.2 OK for: lightningcss@1.31.1 want: ^2.0.3
335 silly placeDep ROOT lightningcss-android-arm64@1.31.1 OK for: lightningcss@1.31.1 want: 1.31.1
336 silly placeDep ROOT lightningcss-darwin-arm64@1.31.1 OK for: lightningcss@1.31.1 want: 1.31.1
337 silly placeDep ROOT lightningcss-darwin-x64@1.31.1 OK for: lightningcss@1.31.1 want: 1.31.1
338 silly placeDep ROOT lightningcss-freebsd-x64@1.31.1 OK for: lightningcss@1.31.1 want: 1.31.1
339 silly placeDep ROOT lightningcss-linux-arm-gnueabihf@1.31.1 OK for: lightningcss@1.31.1 want: 1.31.1
340 silly placeDep ROOT lightningcss-linux-arm64-gnu@1.31.1 OK for: lightningcss@1.31.1 want: 1.31.1
341 silly placeDep ROOT lightningcss-linux-arm64-musl@1.31.1 OK for: lightningcss@1.31.1 want: 1.31.1
342 silly placeDep ROOT lightningcss-linux-x64-gnu@1.31.1 OK for: lightningcss@1.31.1 want: 1.31.1
343 silly placeDep ROOT lightningcss-linux-x64-musl@1.31.1 OK for: lightningcss@1.31.1 want: 1.31.1
344 silly placeDep ROOT lightningcss-win32-arm64-msvc@1.31.1 OK for: lightningcss@1.31.1 want: 1.31.1
345 silly placeDep ROOT lightningcss-win32-x64-msvc@1.31.1 OK for: lightningcss@1.31.1 want: 1.31.1
346 silly fetch manifest react@^18.2.0 || 19.0.0-rc-de68d2f4-20241204 || ^19.0.0
347 silly packumentCache full:https://registry.npmjs.org/react cache-miss
348 http cache https://registry.npmjs.org/react 7ms (cache hit)
349 silly packumentCache full:https://registry.npmjs.org/react set size:6535664 disposed:false
350 silly placeDep ROOT @next/env@16.1.6 OK for: next@16.1.6 want: 16.1.6
351 silly placeDep ROOT @next/swc-darwin-arm64@16.1.6 OK for: next@16.1.6 want: 16.1.6
352 silly placeDep ROOT @next/swc-darwin-x64@16.1.6 OK for: next@16.1.6 want: 16.1.6
353 silly placeDep ROOT @next/swc-linux-arm64-gnu@16.1.6 OK for: next@16.1.6 want: 16.1.6
354 silly placeDep ROOT @next/swc-linux-arm64-musl@16.1.6 OK for: next@16.1.6 want: 16.1.6
355 silly placeDep ROOT @next/swc-linux-x64-gnu@16.1.6 OK for: next@16.1.6 want: 16.1.6
356 silly placeDep ROOT @next/swc-linux-x64-musl@16.1.6 OK for: next@16.1.6 want: 16.1.6
357 silly placeDep ROOT @next/swc-win32-arm64-msvc@16.1.6 OK for: next@16.1.6 want: 16.1.6
358 silly placeDep ROOT @next/swc-win32-x64-msvc@16.1.6 OK for: next@16.1.6 want: 16.1.6
359 silly placeDep ROOT @swc/helpers@0.5.15 OK for: next@16.1.6 want: 0.5.15
360 silly placeDep ROOT baseline-browser-mapping@2.10.0 OK for: next@16.1.6 want: ^2.8.3
361 silly placeDep ROOT caniuse-lite@1.0.30001777 OK for: next@16.1.6 want: ^1.0.30001579
362 silly placeDep node_modules/next postcss@8.4.31 OK for: next@16.1.6 want: 8.4.31
363 silly placeDep ROOT sharp@0.34.5 OK for: next@16.1.6 want: ^0.34.4
364 silly placeDep ROOT styled-jsx@5.1.6 OK for: next@16.1.6 want: 5.1.6
365 silly fetch manifest tslib@^2.8.0
366 silly packumentCache full:https://registry.npmjs.org/tslib cache-miss
367 silly fetch manifest nanoid@^3.3.6
368 silly packumentCache full:https://registry.npmjs.org/nanoid cache-miss
369 silly fetch manifest picocolors@^1.0.0
370 silly packumentCache full:https://registry.npmjs.org/picocolors cache-miss
371 silly fetch manifest semver@^7.7.3
372 silly packumentCache full:https://registry.npmjs.org/semver cache-miss
373 silly fetch manifest @img/colour@^1.0.0
374 silly packumentCache full:https://registry.npmjs.org/@img%2fcolour cache-miss
375 silly fetch manifest @img/sharp-wasm32@0.34.5
376 silly packumentCache full:https://registry.npmjs.org/@img%2fsharp-wasm32 cache-miss
377 silly fetch manifest @img/sharp-linux-arm@0.34.5
378 silly packumentCache full:https://registry.npmjs.org/@img%2fsharp-linux-arm cache-miss
379 silly fetch manifest @img/sharp-linux-x64@0.34.5
380 silly packumentCache full:https://registry.npmjs.org/@img%2fsharp-linux-x64 cache-miss
381 silly fetch manifest @img/sharp-win32-x64@0.34.5
382 silly packumentCache full:https://registry.npmjs.org/@img%2fsharp-win32-x64 cache-miss
383 http cache https://registry.npmjs.org/picocolors 8ms (cache hit)
384 silly packumentCache full:https://registry.npmjs.org/picocolors set size:16648 disposed:false
385 silly fetch manifest @img/sharp-darwin-x64@0.34.5
386 silly packumentCache full:https://registry.npmjs.org/@img%2fsharp-darwin-x64 cache-miss
387 http cache https://registry.npmjs.org/nanoid 8ms (cache hit)
388 silly packumentCache full:https://registry.npmjs.org/nanoid set size:298419 disposed:false
389 silly fetch manifest @img/sharp-win32-ia32@0.34.5
390 silly packumentCache full:https://registry.npmjs.org/@img%2fsharp-win32-ia32 cache-miss
391 http fetch GET 200 https://registry.npmjs.org/semver 30ms (cache miss)
392 silly packumentCache full:https://registry.npmjs.org/semver set size:undefined disposed:false
393 silly fetch manifest @img/sharp-linux-arm64@0.34.5
394 silly packumentCache full:https://registry.npmjs.org/@img%2fsharp-linux-arm64 cache-miss
395 http fetch GET 200 https://registry.npmjs.org/tslib 38ms (cache miss)
396 silly packumentCache full:https://registry.npmjs.org/tslib set size:undefined disposed:false
397 silly fetch manifest @img/sharp-linux-ppc64@0.34.5
398 silly packumentCache full:https://registry.npmjs.org/@img%2fsharp-linux-ppc64 cache-miss
399 http fetch GET 200 https://registry.npmjs.org/@img%2fsharp-linux-x64 39ms (cache miss)
400 silly packumentCache full:https://registry.npmjs.org/@img%2fsharp-linux-x64 set size:undefined disposed:false
401 silly fetch manifest @img/sharp-linux-s390x@0.34.5
402 silly packumentCache full:https://registry.npmjs.org/@img%2fsharp-linux-s390x cache-miss
403 http fetch GET 200 https://registry.npmjs.org/@img%2fsharp-wasm32 40ms (cache miss)
404 silly packumentCache full:https://registry.npmjs.org/@img%2fsharp-wasm32 set size:undefined disposed:false
405 silly fetch manifest @img/sharp-win32-arm64@0.34.5
406 silly packumentCache full:https://registry.npmjs.org/@img%2fsharp-win32-arm64 cache-miss
407 http fetch GET 200 https://registry.npmjs.org/@img%2fsharp-darwin-x64 35ms (cache miss)
408 silly packumentCache full:https://registry.npmjs.org/@img%2fsharp-darwin-x64 set size:undefined disposed:false
409 silly fetch manifest @img/sharp-darwin-arm64@0.34.5
410 silly packumentCache full:https://registry.npmjs.org/@img%2fsharp-darwin-arm64 cache-miss
411 http fetch GET 200 https://registry.npmjs.org/@img%2fsharp-win32-x64 47ms (cache miss)
412 silly packumentCache full:https://registry.npmjs.org/@img%2fsharp-win32-x64 set size:undefined disposed:false
413 silly fetch manifest @img/sharp-linux-riscv64@0.34.5
414 silly packumentCache full:https://registry.npmjs.org/@img%2fsharp-linux-riscv64 cache-miss
415 http fetch GET 200 https://registry.npmjs.org/@img%2fsharp-linux-arm 48ms (cache miss)
416 silly packumentCache full:https://registry.npmjs.org/@img%2fsharp-linux-arm set size:undefined disposed:false
417 silly fetch manifest @img/sharp-linuxmusl-x64@0.34.5
418 silly packumentCache full:https://registry.npmjs.org/@img%2fsharp-linuxmusl-x64 cache-miss
419 http fetch GET 200 https://registry.npmjs.org/@img%2fsharp-win32-ia32 40ms (cache miss)
420 silly packumentCache full:https://registry.npmjs.org/@img%2fsharp-win32-ia32 set size:undefined disposed:false
421 silly fetch manifest @img/sharp-linuxmusl-arm64@0.34.5
422 silly packumentCache full:https://registry.npmjs.org/@img%2fsharp-linuxmusl-arm64 cache-miss
423 http fetch GET 200 https://registry.npmjs.org/@img%2fcolour 51ms (cache miss)
424 silly packumentCache full:https://registry.npmjs.org/@img%2fcolour set size:undefined disposed:false
425 silly fetch manifest @img/sharp-libvips-linux-arm@1.2.4
426 silly packumentCache full:https://registry.npmjs.org/@img%2fsharp-libvips-linux-arm cache-miss
427 http fetch GET 200 https://registry.npmjs.org/@img%2fsharp-linux-arm64 38ms (cache miss)
428 silly packumentCache full:https://registry.npmjs.org/@img%2fsharp-linux-arm64 set size:undefined disposed:false
429 silly fetch manifest @img/sharp-libvips-linux-x64@1.2.4
430 silly packumentCache full:https://registry.npmjs.org/@img%2fsharp-libvips-linux-x64 cache-miss
431 http fetch GET 200 https://registry.npmjs.org/@img%2fsharp-win32-arm64 34ms (cache miss)
432 silly packumentCache full:https://registry.npmjs.org/@img%2fsharp-win32-arm64 set size:undefined disposed:false
433 silly fetch manifest @img/sharp-libvips-darwin-x64@1.2.4
434 silly packumentCache full:https://registry.npmjs.org/@img%2fsharp-libvips-darwin-x64 cache-miss
435 http fetch GET 200 https://registry.npmjs.org/@img%2fsharp-linux-s390x 36ms (cache miss)
436 silly packumentCache full:https://registry.npmjs.org/@img%2fsharp-linux-s390x set size:undefined disposed:false
437 silly fetch manifest @img/sharp-libvips-linux-arm64@1.2.4
438 silly packumentCache full:https://registry.npmjs.org/@img%2fsharp-libvips-linux-arm64 cache-miss
439 http fetch GET 200 https://registry.npmjs.org/@img%2fsharp-darwin-arm64 42ms (cache miss)
440 silly packumentCache full:https://registry.npmjs.org/@img%2fsharp-darwin-arm64 set size:undefined disposed:false
441 silly fetch manifest @img/sharp-libvips-linux-ppc64@1.2.4
442 silly packumentCache full:https://registry.npmjs.org/@img%2fsharp-libvips-linux-ppc64 cache-miss
443 http fetch GET 200 https://registry.npmjs.org/@img%2fsharp-linuxmusl-arm64 36ms (cache miss)
444 silly packumentCache full:https://registry.npmjs.org/@img%2fsharp-linuxmusl-arm64 set size:undefined disposed:false
445 silly fetch manifest @img/sharp-libvips-linux-s390x@1.2.4
446 silly packumentCache full:https://registry.npmjs.org/@img%2fsharp-libvips-linux-s390x cache-miss
447 http fetch GET 200 https://registry.npmjs.org/@img%2fsharp-linux-riscv64 39ms (cache miss)
448 silly packumentCache full:https://registry.npmjs.org/@img%2fsharp-linux-riscv64 set size:undefined disposed:false
449 silly fetch manifest @img/sharp-libvips-darwin-arm64@1.2.4
450 silly packumentCache full:https://registry.npmjs.org/@img%2fsharp-libvips-darwin-arm64 cache-miss
451 http fetch GET 200 https://registry.npmjs.org/@img%2fsharp-linux-ppc64 50ms (cache miss)
452 silly packumentCache full:https://registry.npmjs.org/@img%2fsharp-linux-ppc64 set size:undefined disposed:false
453 silly fetch manifest @img/sharp-libvips-linux-riscv64@1.2.4
454 silly packumentCache full:https://registry.npmjs.org/@img%2fsharp-libvips-linux-riscv64 cache-miss
455 http fetch GET 200 https://registry.npmjs.org/@img%2fsharp-libvips-linux-arm 36ms (cache miss)
456 silly packumentCache full:https://registry.npmjs.org/@img%2fsharp-libvips-linux-arm set size:undefined disposed:false
457 silly fetch manifest @img/sharp-libvips-linuxmusl-x64@1.2.4
458 silly packumentCache full:https://registry.npmjs.org/@img%2fsharp-libvips-linuxmusl-x64 cache-miss
459 http fetch GET 200 https://registry.npmjs.org/@img%2fsharp-linuxmusl-x64 55ms (cache miss)
460 silly packumentCache full:https://registry.npmjs.org/@img%2fsharp-linuxmusl-x64 set size:undefined disposed:false
461 silly fetch manifest @img/sharp-libvips-linuxmusl-arm64@1.2.4
462 silly packumentCache full:https://registry.npmjs.org/@img%2fsharp-libvips-linuxmusl-arm64 cache-miss
463 http fetch GET 200 https://registry.npmjs.org/@img%2fsharp-libvips-linux-x64 37ms (cache miss)
464 silly packumentCache full:https://registry.npmjs.org/@img%2fsharp-libvips-linux-x64 set size:undefined disposed:false
465 silly fetch manifest client-only@0.0.1
466 silly packumentCache full:https://registry.npmjs.org/client-only cache-miss
467 http fetch GET 200 https://registry.npmjs.org/@img%2fsharp-libvips-linux-arm64 37ms (cache miss)
468 silly packumentCache full:https://registry.npmjs.org/@img%2fsharp-libvips-linux-arm64 set size:undefined disposed:false
469 http fetch GET 200 https://registry.npmjs.org/@img%2fsharp-libvips-darwin-x64 40ms (cache miss)
470 silly packumentCache full:https://registry.npmjs.org/@img%2fsharp-libvips-darwin-x64 set size:undefined disposed:false
471 http fetch GET 200 https://registry.npmjs.org/@img%2fsharp-libvips-linux-riscv64 37ms (cache miss)
472 silly packumentCache full:https://registry.npmjs.org/@img%2fsharp-libvips-linux-riscv64 set size:undefined disposed:false
473 http fetch GET 200 https://registry.npmjs.org/@img%2fsharp-libvips-linux-s390x 39ms (cache miss)
474 silly packumentCache full:https://registry.npmjs.org/@img%2fsharp-libvips-linux-s390x set size:undefined disposed:false
475 http fetch GET 200 https://registry.npmjs.org/@img%2fsharp-libvips-linuxmusl-x64 38ms (cache miss)
476 silly packumentCache full:https://registry.npmjs.org/@img%2fsharp-libvips-linuxmusl-x64 set size:undefined disposed:false
477 http fetch GET 200 https://registry.npmjs.org/client-only 25ms (cache miss)
478 silly packumentCache full:https://registry.npmjs.org/client-only set size:undefined disposed:false
479 http fetch GET 200 https://registry.npmjs.org/@img%2fsharp-libvips-linux-ppc64 49ms (cache miss)
480 silly packumentCache full:https://registry.npmjs.org/@img%2fsharp-libvips-linux-ppc64 set size:undefined disposed:false
481 http fetch GET 200 https://registry.npmjs.org/@img%2fsharp-libvips-darwin-arm64 49ms (cache miss)
482 silly packumentCache full:https://registry.npmjs.org/@img%2fsharp-libvips-darwin-arm64 set size:undefined disposed:false
483 http fetch GET 200 https://registry.npmjs.org/@img%2fsharp-libvips-linuxmusl-arm64 55ms (cache miss)
484 silly packumentCache full:https://registry.npmjs.org/@img%2fsharp-libvips-linuxmusl-arm64 set size:undefined disposed:false
485 silly placeDep ROOT tslib@2.8.1 OK for: @swc/helpers@0.5.15 want: ^2.8.0
486 silly placeDep ROOT nanoid@3.3.11 OK for: postcss@8.5.8 want: ^3.3.11
487 silly placeDep ROOT picocolors@1.1.1 OK for: postcss@8.5.8 want: ^1.1.1
488 silly placeDep ROOT scheduler@0.27.0 OK for: react-dom@19.2.4 want: ^0.27.0
489 silly placeDep ROOT @img/colour@1.1.0 OK for: sharp@0.34.5 want: ^1.0.0
490 silly placeDep ROOT @img/sharp-darwin-arm64@0.34.5 OK for: sharp@0.34.5 want: 0.34.5
491 silly placeDep ROOT @img/sharp-darwin-x64@0.34.5 OK for: sharp@0.34.5 want: 0.34.5
492 silly placeDep ROOT @img/sharp-libvips-darwin-arm64@1.2.4 OK for: sharp@0.34.5 want: 1.2.4
493 silly placeDep ROOT @img/sharp-libvips-darwin-x64@1.2.4 OK for: sharp@0.34.5 want: 1.2.4
494 silly placeDep ROOT @img/sharp-libvips-linux-arm@1.2.4 OK for: sharp@0.34.5 want: 1.2.4
495 silly placeDep ROOT @img/sharp-libvips-linux-arm64@1.2.4 OK for: sharp@0.34.5 want: 1.2.4
496 silly placeDep ROOT @img/sharp-libvips-linux-ppc64@1.2.4 OK for: sharp@0.34.5 want: 1.2.4
497 silly placeDep ROOT @img/sharp-libvips-linux-riscv64@1.2.4 OK for: sharp@0.34.5 want: 1.2.4
498 silly placeDep ROOT @img/sharp-libvips-linux-s390x@1.2.4 OK for: sharp@0.34.5 want: 1.2.4
499 silly placeDep ROOT @img/sharp-libvips-linux-x64@1.2.4 OK for: sharp@0.34.5 want: 1.2.4
500 silly placeDep ROOT @img/sharp-libvips-linuxmusl-arm64@1.2.4 OK for: sharp@0.34.5 want: 1.2.4
501 silly placeDep ROOT @img/sharp-libvips-linuxmusl-x64@1.2.4 OK for: sharp@0.34.5 want: 1.2.4
502 silly placeDep ROOT @img/sharp-linux-arm@0.34.5 OK for: sharp@0.34.5 want: 0.34.5
503 silly placeDep ROOT @img/sharp-linux-arm64@0.34.5 OK for: sharp@0.34.5 want: 0.34.5
504 silly placeDep ROOT @img/sharp-linux-ppc64@0.34.5 OK for: sharp@0.34.5 want: 0.34.5
505 silly placeDep ROOT @img/sharp-linux-riscv64@0.34.5 OK for: sharp@0.34.5 want: 0.34.5
506 silly placeDep ROOT @img/sharp-linux-s390x@0.34.5 OK for: sharp@0.34.5 want: 0.34.5
507 silly placeDep ROOT @img/sharp-linux-x64@0.34.5 OK for: sharp@0.34.5 want: 0.34.5
508 silly placeDep ROOT @img/sharp-linuxmusl-arm64@0.34.5 OK for: sharp@0.34.5 want: 0.34.5
509 silly placeDep ROOT @img/sharp-linuxmusl-x64@0.34.5 OK for: sharp@0.34.5 want: 0.34.5
510 silly placeDep ROOT @img/sharp-wasm32@0.34.5 OK for: sharp@0.34.5 want: 0.34.5
511 silly placeDep ROOT @img/sharp-win32-arm64@0.34.5 OK for: sharp@0.34.5 want: 0.34.5
512 silly placeDep ROOT @img/sharp-win32-ia32@0.34.5 OK for: sharp@0.34.5 want: 0.34.5
513 silly placeDep ROOT @img/sharp-win32-x64@0.34.5 OK for: sharp@0.34.5 want: 0.34.5
514 silly placeDep ROOT semver@7.7.4 OK for: sharp@0.34.5 want: ^7.7.3
515 silly fetch manifest @emnapi/runtime@^1.7.0
516 silly packumentCache full:https://registry.npmjs.org/@emnapi%2fruntime cache-miss
517 http fetch GET 200 https://registry.npmjs.org/@emnapi%2fruntime 42ms (cache miss)
518 silly packumentCache full:https://registry.npmjs.org/@emnapi%2fruntime set size:undefined disposed:false
519 silly placeDep ROOT @emnapi/runtime@1.8.1 OK for: @img/sharp-wasm32@0.34.5 want: ^1.7.0
520 silly placeDep ROOT client-only@0.0.1 OK for: styled-jsx@5.1.6 want: 0.0.1
521 silly reify moves {}
522 silly audit bulk request {
522 silly audit   '@tailwindcss/postcss': [ '4.2.1' ],
522 silly audit   next: [ '16.1.6' ],
522 silly audit   react: [ '19.2.4' ],
522 silly audit   'react-dom': [ '19.2.4' ],
522 silly audit   postcss: [ '8.5.8', '8.4.31' ],
522 silly audit   tailwindcss: [ '4.2.1' ],
522 silly audit   '@alloc/quick-lru': [ '5.2.0' ],
522 silly audit   '@tailwindcss/node': [ '4.2.1' ],
522 silly audit   '@tailwindcss/oxide': [ '4.2.1' ],
522 silly audit   '@jridgewell/remapping': [ '2.3.5' ],
522 silly audit   'enhanced-resolve': [ '5.20.0' ],
522 silly audit   jiti: [ '2.6.1' ],
522 silly audit   lightningcss: [ '1.31.1' ],
522 silly audit   'magic-string': [ '0.30.21' ],
522 silly audit   'source-map-js': [ '1.2.1' ],
522 silly audit   '@jridgewell/gen-mapping': [ '0.3.13' ],
522 silly audit   '@jridgewell/trace-mapping': [ '0.3.31' ],
522 silly audit   '@jridgewell/sourcemap-codec': [ '1.5.5' ],
522 silly audit   '@jridgewell/resolve-uri': [ '3.1.2' ],
522 silly audit   '@tailwindcss/oxide-android-arm64': [ '4.2.1' ],
522 silly audit   '@tailwindcss/oxide-darwin-arm64': [ '4.2.1' ],
522 silly audit   '@tailwindcss/oxide-darwin-x64': [ '4.2.1' ],
522 silly audit   '@tailwindcss/oxide-freebsd-x64': [ '4.2.1' ],
522 silly audit   '@tailwindcss/oxide-linux-arm-gnueabihf': [ '4.2.1' ],
522 silly audit   '@tailwindcss/oxide-linux-arm64-gnu': [ '4.2.1' ],
522 silly audit   '@tailwindcss/oxide-linux-arm64-musl': [ '4.2.1' ],
522 silly audit   '@tailwindcss/oxide-linux-x64-gnu': [ '4.2.1' ],
522 silly audit   '@tailwindcss/oxide-linux-x64-musl': [ '4.2.1' ],
522 silly audit   '@tailwindcss/oxide-wasm32-wasi': [ '4.2.1' ],
522 silly audit   '@tailwindcss/oxide-win32-arm64-msvc': [ '4.2.1' ],
522 silly audit   '@tailwindcss/oxide-win32-x64-msvc': [ '4.2.1' ],
522 silly audit   'graceful-fs': [ '4.2.11' ],
522 silly audit   tapable: [ '2.3.0' ],
522 silly audit   'detect-libc': [ '2.1.2' ],
522 silly audit   'lightningcss-android-arm64': [ '1.31.1' ],
522 silly audit   'lightningcss-darwin-arm64': [ '1.31.1' ],
522 silly audit   'lightningcss-darwin-x64': [ '1.31.1' ],
522 silly audit   'lightningcss-freebsd-x64': [ '1.31.1' ],
522 silly audit   'lightningcss-linux-arm-gnueabihf': [ '1.31.1' ],
522 silly audit   'lightningcss-linux-arm64-gnu': [ '1.31.1' ],
522 silly audit   'lightningcss-linux-arm64-musl': [ '1.31.1' ],
522 silly audit   'lightningcss-linux-x64-gnu': [ '1.31.1' ],
522 silly audit   'lightningcss-linux-x64-musl': [ '1.31.1' ],
522 silly audit   'lightningcss-win32-arm64-msvc': [ '1.31.1' ],
522 silly audit   'lightningcss-win32-x64-msvc': [ '1.31.1' ],
522 silly audit   '@next/env': [ '16.1.6' ],
522 silly audit   '@next/swc-darwin-arm64': [ '16.1.6' ],
522 silly audit   '@next/swc-darwin-x64': [ '16.1.6' ],
522 silly audit   '@next/swc-linux-arm64-gnu': [ '16.1.6' ],
522 silly audit   '@next/swc-linux-arm64-musl': [ '16.1.6' ],
522 silly audit   '@next/swc-linux-x64-gnu': [ '16.1.6' ],
522 silly audit   '@next/swc-linux-x64-musl': [ '16.1.6' ],
522 silly audit   '@next/swc-win32-arm64-msvc': [ '16.1.6' ],
522 silly audit   '@next/swc-win32-x64-msvc': [ '16.1.6' ],
522 silly audit   '@swc/helpers': [ '0.5.15' ],
522 silly audit   'baseline-browser-mapping': [ '2.10.0' ],
522 silly audit   'caniuse-lite': [ '1.0.30001777' ],
522 silly audit   sharp: [ '0.34.5' ],
522 silly audit   'styled-jsx': [ '5.1.6' ],
522 silly audit   tslib: [ '2.8.1' ],
522 silly audit   nanoid: [ '3.3.11' ],
522 silly audit   picocolors: [ '1.1.1' ],
522 silly audit   scheduler: [ '0.27.0' ],
522 silly audit   '@img/colour': [ '1.1.0' ],
522 silly audit   '@img/sharp-darwin-arm64': [ '0.34.5' ],
522 silly audit   '@img/sharp-darwin-x64': [ '0.34.5' ],
522 silly audit   '@img/sharp-libvips-darwin-arm64': [ '1.2.4' ],
522 silly audit   '@img/sharp-libvips-darwin-x64': [ '1.2.4' ],
522 silly audit   '@img/sharp-libvips-linux-arm': [ '1.2.4' ],
522 silly audit   '@img/sharp-libvips-linux-arm64': [ '1.2.4' ],
522 silly audit   '@img/sharp-libvips-linux-ppc64': [ '1.2.4' ],
522 silly audit   '@img/sharp-libvips-linux-riscv64': [ '1.2.4' ],
522 silly audit   '@img/sharp-libvips-linux-s390x': [ '1.2.4' ],
522 silly audit   '@img/sharp-libvips-linux-x64': [ '1.2.4' ],
522 silly audit   '@img/sharp-libvips-linuxmusl-arm64': [ '1.2.4' ],
522 silly audit   '@img/sharp-libvips-linuxmusl-x64': [ '1.2.4' ],
522 silly audit   '@img/sharp-linux-arm': [ '0.34.5' ],
522 silly audit   '@img/sharp-linux-arm64': [ '0.34.5' ],
522 silly audit   '@img/sharp-linux-ppc64': [ '0.34.5' ],
522 silly audit   '@img/sharp-linux-riscv64': [ '0.34.5' ],
522 silly audit   '@img/sharp-linux-s390x': [ '0.34.5' ],
522 silly audit   '@img/sharp-linux-x64': [ '0.34.5' ],
522 silly audit   '@img/sharp-linuxmusl-arm64': [ '0.34.5' ],
522 silly audit   '@img/sharp-linuxmusl-x64': [ '0.34.5' ],
522 silly audit   '@img/sharp-wasm32': [ '0.34.5' ],
522 silly audit   '@img/sharp-win32-arm64': [ '0.34.5' ],
522 silly audit   '@img/sharp-win32-ia32': [ '0.34.5' ],
522 silly audit   '@img/sharp-win32-x64': [ '0.34.5' ],
522 silly audit   semver: [ '7.7.4' ],
522 silly audit   '@emnapi/runtime': [ '1.8.1' ],
522 silly audit   'client-only': [ '0.0.1' ]
522 silly audit }
523 http cache client-only@https://registry.npmjs.org/client-only/-/client-only-0.0.1.tgz 0ms (cache hit)
524 http cache @img/sharp-libvips-darwin-arm64@https://registry.npmjs.org/@img/sharp-libvips-darwin-arm64/-/sharp-libvips-darwin-arm64-1.2.4.tgz 0ms (cache hit)
525 http cache @emnapi/runtime@https://registry.npmjs.org/@emnapi/runtime/-/runtime-1.8.1.tgz 0ms (cache hit)
526 http cache @img/sharp-darwin-arm64@https://registry.npmjs.org/@img/sharp-darwin-arm64/-/sharp-darwin-arm64-0.34.5.tgz 0ms (cache hit)
527 http cache semver@https://registry.npmjs.org/semver/-/semver-7.7.4.tgz 0ms (cache hit)
528 http cache @img/colour@https://registry.npmjs.org/@img/colour/-/colour-1.1.0.tgz 0ms (cache hit)
529 http cache scheduler@https://registry.npmjs.org/scheduler/-/scheduler-0.27.0.tgz 0ms (cache hit)
530 http cache picocolors@https://registry.npmjs.org/picocolors/-/picocolors-1.1.1.tgz 0ms (cache hit)
531 http cache nanoid@https://registry.npmjs.org/nanoid/-/nanoid-3.3.11.tgz 0ms (cache hit)
532 http cache styled-jsx@https://registry.npmjs.org/styled-jsx/-/styled-jsx-5.1.6.tgz 0ms (cache hit)
533 http cache tslib@https://registry.npmjs.org/tslib/-/tslib-2.8.1.tgz 0ms (cache hit)
534 http cache sharp@https://registry.npmjs.org/sharp/-/sharp-0.34.5.tgz 0ms (cache hit)
535 http cache caniuse-lite@https://registry.npmjs.org/caniuse-lite/-/caniuse-lite-1.0.30001777.tgz 0ms (cache hit)
536 http cache baseline-browser-mapping@https://registry.npmjs.org/baseline-browser-mapping/-/baseline-browser-mapping-2.10.0.tgz 0ms (cache hit)
537 http cache @next/swc-darwin-arm64@https://registry.npmjs.org/@next/swc-darwin-arm64/-/swc-darwin-arm64-16.1.6.tgz 0ms (cache hit)
538 http cache @next/env@https://registry.npmjs.org/@next/env/-/env-16.1.6.tgz 0ms (cache hit)
539 http cache lightningcss-darwin-arm64@https://registry.npmjs.org/lightningcss-darwin-arm64/-/lightningcss-darwin-arm64-1.31.1.tgz 0ms (cache hit)
540 http cache detect-libc@https://registry.npmjs.org/detect-libc/-/detect-libc-2.1.2.tgz 0ms (cache hit)
541 http cache tapable@https://registry.npmjs.org/tapable/-/tapable-2.3.0.tgz 0ms (cache hit)
542 http cache graceful-fs@https://registry.npmjs.org/graceful-fs/-/graceful-fs-4.2.11.tgz 0ms (cache hit)
543 http cache @jridgewell/resolve-uri@https://registry.npmjs.org/@jridgewell/resolve-uri/-/resolve-uri-3.1.2.tgz 0ms (cache hit)
544 http cache @tailwindcss/oxide-darwin-arm64@https://registry.npmjs.org/@tailwindcss/oxide-darwin-arm64/-/oxide-darwin-arm64-4.2.1.tgz 0ms (cache hit)
545 http cache @jridgewell/sourcemap-codec@https://registry.npmjs.org/@jridgewell/sourcemap-codec/-/sourcemap-codec-1.5.5.tgz 0ms (cache hit)
546 http cache @jridgewell/trace-mapping@https://registry.npmjs.org/@jridgewell/trace-mapping/-/trace-mapping-0.3.31.tgz 0ms (cache hit)
547 http cache @jridgewell/gen-mapping@https://registry.npmjs.org/@jridgewell/gen-mapping/-/gen-mapping-0.3.13.tgz 0ms (cache hit)
548 http cache source-map-js@https://registry.npmjs.org/source-map-js/-/source-map-js-1.2.1.tgz 0ms (cache hit)
549 http cache magic-string@https://registry.npmjs.org/magic-string/-/magic-string-0.30.21.tgz 0ms (cache hit)
550 http cache lightningcss@https://registry.npmjs.org/lightningcss/-/lightningcss-1.31.1.tgz 0ms (cache hit)
551 http cache enhanced-resolve@https://registry.npmjs.org/enhanced-resolve/-/enhanced-resolve-5.20.0.tgz 0ms (cache hit)
552 http cache jiti@https://registry.npmjs.org/jiti/-/jiti-2.6.1.tgz 0ms (cache hit)
553 http cache @jridgewell/remapping@https://registry.npmjs.org/@jridgewell/remapping/-/remapping-2.3.5.tgz 0ms (cache hit)
554 http cache @tailwindcss/oxide@https://registry.npmjs.org/@tailwindcss/oxide/-/oxide-4.2.1.tgz 0ms (cache hit)
555 http cache @tailwindcss/node@https://registry.npmjs.org/@tailwindcss/node/-/node-4.2.1.tgz 0ms (cache hit)
556 http cache @alloc/quick-lru@https://registry.npmjs.org/@alloc/quick-lru/-/quick-lru-5.2.0.tgz 0ms (cache hit)
557 http cache tailwindcss@https://registry.npmjs.org/tailwindcss/-/tailwindcss-4.2.1.tgz 0ms (cache hit)
558 http cache postcss@https://registry.npmjs.org/postcss/-/postcss-8.5.8.tgz 0ms (cache hit)
559 http cache react@https://registry.npmjs.org/react/-/react-19.2.4.tgz 0ms (cache hit)
560 http cache react-dom@https://registry.npmjs.org/react-dom/-/react-dom-19.2.4.tgz 0ms (cache hit)
561 http cache next@https://registry.npmjs.org/next/-/next-16.1.6.tgz 0ms (cache hit)
562 http cache @tailwindcss/postcss@https://registry.npmjs.org/@tailwindcss/postcss/-/postcss-4.2.1.tgz 0ms (cache hit)
563 http cache postcss@https://registry.npmjs.org/postcss/-/postcss-8.4.31.tgz 0ms (cache hit)
564 http cache @swc/helpers@https://registry.npmjs.org/@swc/helpers/-/helpers-0.5.15.tgz 0ms (cache hit)
565 silly tarball no local data for client-only@https://registry.npmjs.org/client-only/-/client-only-0.0.1.tgz. Extracting by manifest.
566 silly tarball no local data for @img/sharp-libvips-darwin-arm64@https://registry.npmjs.org/@img/sharp-libvips-darwin-arm64/-/sharp-libvips-darwin-arm64-1.2.4.tgz. Extracting by manifest.
567 silly tarball no local data for @emnapi/runtime@https://registry.npmjs.org/@emnapi/runtime/-/runtime-1.8.1.tgz. Extracting by manifest.
568 silly tarball no local data for @img/sharp-darwin-arm64@https://registry.npmjs.org/@img/sharp-darwin-arm64/-/sharp-darwin-arm64-0.34.5.tgz. Extracting by manifest.
569 silly tarball no local data for semver@https://registry.npmjs.org/semver/-/semver-7.7.4.tgz. Extracting by manifest.
570 silly tarball no local data for @img/colour@https://registry.npmjs.org/@img/colour/-/colour-1.1.0.tgz. Extracting by manifest.
571 silly tarball no local data for scheduler@https://registry.npmjs.org/scheduler/-/scheduler-0.27.0.tgz. Extracting by manifest.
572 silly tarball no local data for picocolors@https://registry.npmjs.org/picocolors/-/picocolors-1.1.1.tgz. Extracting by manifest.
573 silly tarball no local data for nanoid@https://registry.npmjs.org/nanoid/-/nanoid-3.3.11.tgz. Extracting by manifest.
574 silly tarball no local data for styled-jsx@https://registry.npmjs.org/styled-jsx/-/styled-jsx-5.1.6.tgz. Extracting by manifest.
575 silly tarball no local data for tslib@https://registry.npmjs.org/tslib/-/tslib-2.8.1.tgz. Extracting by manifest.
576 silly tarball no local data for sharp@https://registry.npmjs.org/sharp/-/sharp-0.34.5.tgz. Extracting by manifest.
577 silly tarball no local data for caniuse-lite@https://registry.npmjs.org/caniuse-lite/-/caniuse-lite-1.0.30001777.tgz. Extracting by manifest.
578 silly tarball no local data for baseline-browser-mapping@https://registry.npmjs.org/baseline-browser-mapping/-/baseline-browser-mapping-2.10.0.tgz. Extracting by manifest.
579 silly tarball no local data for @next/swc-darwin-arm64@https://registry.npmjs.org/@next/swc-darwin-arm64/-/swc-darwin-arm64-16.1.6.tgz. Extracting by manifest.
580 silly tarball no local data for @next/env@https://registry.npmjs.org/@next/env/-/env-16.1.6.tgz. Extracting by manifest.
581 silly tarball no local data for lightningcss-darwin-arm64@https://registry.npmjs.org/lightningcss-darwin-arm64/-/lightningcss-darwin-arm64-1.31.1.tgz. Extracting by manifest.
582 silly tarball no local data for detect-libc@https://registry.npmjs.org/detect-libc/-/detect-libc-2.1.2.tgz. Extracting by manifest.
583 silly tarball no local data for tapable@https://registry.npmjs.org/tapable/-/tapable-2.3.0.tgz. Extracting by manifest.
584 silly tarball no local data for graceful-fs@https://registry.npmjs.org/graceful-fs/-/graceful-fs-4.2.11.tgz. Extracting by manifest.
585 silly tarball no local data for @jridgewell/resolve-uri@https://registry.npmjs.org/@jridgewell/resolve-uri/-/resolve-uri-3.1.2.tgz. Extracting by manifest.
586 silly tarball no local data for @tailwindcss/oxide-darwin-arm64@https://registry.npmjs.org/@tailwindcss/oxide-darwin-arm64/-/oxide-darwin-arm64-4.2.1.tgz. Extracting by manifest.
587 silly tarball no local data for @jridgewell/sourcemap-codec@https://registry.npmjs.org/@jridgewell/sourcemap-codec/-/sourcemap-codec-1.5.5.tgz. Extracting by manifest.
588 silly tarball no local data for @jridgewell/trace-mapping@https://registry.npmjs.org/@jridgewell/trace-mapping/-/trace-mapping-0.3.31.tgz. Extracting by manifest.
589 silly tarball no local data for @jridgewell/gen-mapping@https://registry.npmjs.org/@jridgewell/gen-mapping/-/gen-mapping-0.3.13.tgz. Extracting by manifest.
590 silly tarball no local data for source-map-js@https://registry.npmjs.org/source-map-js/-/source-map-js-1.2.1.tgz. Extracting by manifest.
591 silly tarball no local data for magic-string@https://registry.npmjs.org/magic-string/-/magic-string-0.30.21.tgz. Extracting by manifest.
592 silly tarball no local data for lightningcss@https://registry.npmjs.org/lightningcss/-/lightningcss-1.31.1.tgz. Extracting by manifest.
593 silly tarball no local data for enhanced-resolve@https://registry.npmjs.org/enhanced-resolve/-/enhanced-resolve-5.20.0.tgz. Extracting by manifest.
594 silly tarball no local data for jiti@https://registry.npmjs.org/jiti/-/jiti-2.6.1.tgz. Extracting by manifest.
595 silly tarball no local data for @jridgewell/remapping@https://registry.npmjs.org/@jridgewell/remapping/-/remapping-2.3.5.tgz. Extracting by manifest.
596 silly tarball no local data for @tailwindcss/oxide@https://registry.npmjs.org/@tailwindcss/oxide/-/oxide-4.2.1.tgz. Extracting by manifest.
597 silly tarball no local data for @tailwindcss/node@https://registry.npmjs.org/@tailwindcss/node/-/node-4.2.1.tgz. Extracting by manifest.
598 silly tarball no local data for @alloc/quick-lru@https://registry.npmjs.org/@alloc/quick-lru/-/quick-lru-5.2.0.tgz. Extracting by manifest.
599 silly tarball no local data for tailwindcss@https://registry.npmjs.org/tailwindcss/-/tailwindcss-4.2.1.tgz. Extracting by manifest.
600 silly tarball no local data for postcss@https://registry.npmjs.org/postcss/-/postcss-8.5.8.tgz. Extracting by manifest.
601 silly tarball no local data for react@https://registry.npmjs.org/react/-/react-19.2.4.tgz. Extracting by manifest.
602 silly tarball no local data for react-dom@https://registry.npmjs.org/react-dom/-/react-dom-19.2.4.tgz. Extracting by manifest.
603 silly tarball no local data for next@https://registry.npmjs.org/next/-/next-16.1.6.tgz. Extracting by manifest.
604 silly tarball no local data for @tailwindcss/postcss@https://registry.npmjs.org/@tailwindcss/postcss/-/postcss-4.2.1.tgz. Extracting by manifest.
605 silly tarball no local data for postcss@https://registry.npmjs.org/postcss/-/postcss-8.4.31.tgz. Extracting by manifest.
606 silly tarball no local data for @swc/helpers@https://registry.npmjs.org/@swc/helpers/-/helpers-0.5.15.tgz. Extracting by manifest.
607 http fetch GET 200 https://registry.npmjs.org/client-only/-/client-only-0.0.1.tgz 38ms (cache miss)
608 http fetch GET 200 https://registry.npmjs.org/picocolors/-/picocolors-1.1.1.tgz 39ms (cache miss)
609 http fetch GET 200 https://registry.npmjs.org/scheduler/-/scheduler-0.27.0.tgz 43ms (cache miss)
610 http fetch GET 200 https://registry.npmjs.org/@img/sharp-darwin-arm64/-/sharp-darwin-arm64-0.34.5.tgz 55ms (cache miss)
611 http fetch GET 200 https://registry.npmjs.org/@img/colour/-/colour-1.1.0.tgz 61ms (cache miss)
612 http fetch GET 200 https://registry.npmjs.org/semver/-/semver-7.7.4.tgz 62ms (cache miss)
613 http fetch GET 200 https://registry.npmjs.org/@emnapi/runtime/-/runtime-1.8.1.tgz 62ms (cache miss)
614 http fetch GET 200 https://registry.npmjs.org/detect-libc/-/detect-libc-2.1.2.tgz 81ms (cache miss)
615 http fetch GET 200 https://registry.npmjs.org/baseline-browser-mapping/-/baseline-browser-mapping-2.10.0.tgz 84ms (cache miss)
616 http fetch GET 200 https://registry.npmjs.org/@next/env/-/env-16.1.6.tgz 87ms (cache miss)
617 http fetch GET 200 https://registry.npmjs.org/tapable/-/tapable-2.3.0.tgz 92ms (cache miss)
618 http fetch GET 200 https://registry.npmjs.org/styled-jsx/-/styled-jsx-5.1.6.tgz 112ms (cache miss)
619 http fetch GET 200 https://registry.npmjs.org/@jridgewell/resolve-uri/-/resolve-uri-3.1.2.tgz 112ms (cache miss)
620 http fetch GET 200 https://registry.npmjs.org/sharp/-/sharp-0.34.5.tgz 118ms (cache miss)
621 http fetch GET 200 https://registry.npmjs.org/tslib/-/tslib-2.8.1.tgz 119ms (cache miss)
622 http fetch GET 200 https://registry.npmjs.org/nanoid/-/nanoid-3.3.11.tgz 121ms (cache miss)
623 http fetch GET 200 https://registry.npmjs.org/graceful-fs/-/graceful-fs-4.2.11.tgz 128ms (cache miss)
624 http fetch POST 200 https://registry.npmjs.org/-/npm/v1/security/advisories/bulk 141ms
625 silly audit report {}
626 http fetch GET 200 https://registry.npmjs.org/@jridgewell/trace-mapping/-/trace-mapping-0.3.31.tgz 145ms (cache miss)
627 http fetch GET 200 https://registry.npmjs.org/magic-string/-/magic-string-0.30.21.tgz 157ms (cache miss)
628 http fetch GET 200 https://registry.npmjs.org/source-map-js/-/source-map-js-1.2.1.tgz 158ms (cache miss)
629 http fetch GET 200 https://registry.npmjs.org/@jridgewell/sourcemap-codec/-/sourcemap-codec-1.5.5.tgz 173ms (cache miss)
630 http fetch GET 200 https://registry.npmjs.org/@tailwindcss/oxide/-/oxide-4.2.1.tgz 189ms (cache miss)
631 http fetch GET 200 https://registry.npmjs.org/@tailwindcss/node/-/node-4.2.1.tgz 193ms (cache miss)
632 http fetch GET 200 https://registry.npmjs.org/@jridgewell/gen-mapping/-/gen-mapping-0.3.13.tgz 198ms (cache miss)
633 http fetch GET 200 https://registry.npmjs.org/@alloc/quick-lru/-/quick-lru-5.2.0.tgz 207ms (cache miss)
634 http fetch GET 200 https://registry.npmjs.org/lightningcss/-/lightningcss-1.31.1.tgz 223ms (cache miss)
635 http fetch GET 200 https://registry.npmjs.org/enhanced-resolve/-/enhanced-resolve-5.20.0.tgz 232ms (cache miss)
636 http fetch GET 200 https://registry.npmjs.org/tailwindcss/-/tailwindcss-4.2.1.tgz 237ms (cache miss)
637 http fetch GET 200 https://registry.npmjs.org/postcss/-/postcss-8.5.8.tgz 246ms (cache miss)
638 http fetch GET 200 https://registry.npmjs.org/jiti/-/jiti-2.6.1.tgz 251ms (cache miss)
639 http fetch GET 200 https://registry.npmjs.org/@tailwindcss/postcss/-/postcss-4.2.1.tgz 254ms (cache miss)
640 http fetch GET 200 https://registry.npmjs.org/lightningcss-darwin-arm64/-/lightningcss-darwin-arm64-1.31.1.tgz 317ms (cache miss)
641 http fetch GET 200 https://registry.npmjs.org/@tailwindcss/oxide-darwin-arm64/-/oxide-darwin-arm64-4.2.1.tgz 323ms (cache miss)
642 http fetch GET 200 https://registry.npmjs.org/react/-/react-19.2.4.tgz 325ms (cache miss)
643 http fetch GET 200 https://registry.npmjs.org/postcss/-/postcss-8.4.31.tgz 331ms (cache miss)
644 http fetch GET 200 https://registry.npmjs.org/react-dom/-/react-dom-19.2.4.tgz 342ms (cache miss)
645 http fetch GET 200 https://registry.npmjs.org/@img/sharp-libvips-darwin-arm64/-/sharp-libvips-darwin-arm64-1.2.4.tgz 355ms (cache miss)
646 http fetch GET 200 https://registry.npmjs.org/@swc/helpers/-/helpers-0.5.15.tgz 408ms (cache miss)
647 http fetch GET 200 https://registry.npmjs.org/caniuse-lite/-/caniuse-lite-1.0.30001777.tgz 420ms (cache miss)
648 http fetch GET 200 https://registry.npmjs.org/@jridgewell/remapping/-/remapping-2.3.5.tgz 446ms (cache miss)
649 http fetch GET 200 https://registry.npmjs.org/@next/swc-darwin-arm64/-/swc-darwin-arm64-16.1.6.tgz 871ms (cache miss)
650 http fetch GET 200 https://registry.npmjs.org/next/-/next-16.1.6.tgz 1969ms (cache miss)
651 info run sharp@0.34.5 install node_modules/sharp node install/check.js || npm run build
652 info run sharp@0.34.5 install { code: 0, signal: null }
653 silly ADD node_modules/client-only
654 silly ADD node_modules/@emnapi/runtime
655 silly ADD node_modules/semver
656 silly ADD node_modules/@img/sharp-libvips-darwin-arm64
657 silly ADD node_modules/@img/sharp-darwin-arm64
658 silly ADD node_modules/@img/colour
659 silly ADD node_modules/scheduler
660 silly ADD node_modules/picocolors
661 silly ADD node_modules/nanoid
662 silly ADD node_modules/tslib
663 silly ADD node_modules/styled-jsx
664 silly ADD node_modules/sharp
665 silly ADD node_modules/caniuse-lite
666 silly ADD node_modules/baseline-browser-mapping
667 silly ADD node_modules/@swc/helpers
668 silly ADD node_modules/@next/swc-darwin-arm64
669 silly ADD node_modules/@next/env
670 silly ADD node_modules/lightningcss-darwin-arm64
671 silly ADD node_modules/detect-libc
672 silly ADD node_modules/tapable
673 silly ADD node_modules/graceful-fs
674 silly ADD node_modules/@tailwindcss/oxide-darwin-arm64
675 silly ADD node_modules/@jridgewell/resolve-uri
676 silly ADD node_modules/@jridgewell/sourcemap-codec
677 silly ADD node_modules/@jridgewell/trace-mapping
678 silly ADD node_modules/@jridgewell/gen-mapping
679 silly ADD node_modules/source-map-js
680 silly ADD node_modules/magic-string
681 silly ADD node_modules/lightningcss
682 silly ADD node_modules/jiti
683 silly ADD node_modules/enhanced-resolve
684 silly ADD node_modules/@jridgewell/remapping
685 silly ADD node_modules/@tailwindcss/oxide
686 silly ADD node_modules/@tailwindcss/node
687 silly ADD node_modules/@alloc/quick-lru
688 silly ADD node_modules/tailwindcss
689 silly ADD node_modules/postcss
690 silly ADD node_modules/react-dom
691 silly ADD node_modules/react
692 silly ADD node_modules/next
693 silly ADD node_modules/next/node_modules/postcss
694 silly ADD node_modules/@tailwindcss/postcss
695 verbose cwd /Users/wang/wang6777
696 verbose os Darwin 25.3.0
697 verbose node v24.14.0
698 verbose npm  v11.9.0
699 notice
699 notice New minor version of npm available! 11.9.0 -> 11.11.0
699 notice Changelog: https://github.com/npm/cli/releases/tag/v11.11.0
699 notice To update run: npm install -g npm@11.11.0
699 notice  { force: true, Symbol(proc-log.meta): true }
700 verbose exit 0
701 info ok
